ID                    Ca   Ce   A      I      D
testproject/compat    0    0    0.00   0.00   1.00
testproject/types     1    1    0.00   0.50   0.50
testproject/base      3    0    0.67   0.00   0.33
testproject/handler   1    2    0.00   0.67   0.33
testproject/app       0    2    0.00   1.00   0.00
testproject/service   2    2    0.50   0.50   0.00
